  Geri y├╝klenecek projeler belirleniyor...
  Geri y├╝kleme i├ğin t├╝m projeler g├╝ncel.
  Domain -> C:\Users\merte\Documents\FemmeERP_Cosmo\Domain\bin\Debug\net8.0\Domain.dll
  Persistence -> C:\Users\merte\Documents\FemmeERP_Cosmo\Persistence\bin\Debug\net8.0\Persistence.dll
  Application -> C:\Users\merte\Documents\FemmeERP_Cosmo\Application\bin\Debug\net8.0\Application.dll
  Infrastructure -> C:\Users\merte\Documents\FemmeERP_Cosmo\Infrastructure\bin\Debug\net8.0\Infrastructure.dll
C:\Users\merte\Documents\FemmeERP_Cosmo\Presentation\ShellViewModel.cs(90,78): warning CS8625: Null sabit de─şer, bo┼ş de─şer atanamayan ba┼şvuru t├╝r├╝ne d├Ân├╝┼şt├╝r├╝lemiyor. [C:\Users\merte\Documents\FemmeERP_Cosmo\Presentation\Presentation_xvaia4w5_wpftmp.csproj]
C:\Users\merte\Documents\FemmeERP_Cosmo\Presentation\ViewModels\DocumentEditViewModel.cs(237,12): warning CS8618: Null atanamaz ├Âzellik 'AddBarcodeCmd', olu┼şturucudan ├ğ─▒k─▒┼ş yaparken null olmayan bir de─şer i├ğermelidir. 'Gerekli' de─şi┼ştiricisini ekleyin veya ├Âzellik de─şerini null atanabilir olarak bildirmeyi g├Âz ├Ân├╝nde bulundurun. [C:\Users\merte\Documents\FemmeERP_Cosmo\Presentation\Presentation_xvaia4w5_wpftmp.csproj]
C:\Users\merte\Documents\FemmeERP_Cosmo\Presentation\ViewModels\ItemEditViewModel.cs(192,52): error CS0103: 'CanSave' ad─▒ ge├ğerli ba─şlamda yok [C:\Users\merte\Documents\FemmeERP_Cosmo\Presentation\Presentation_xvaia4w5_wpftmp.csproj]
C:\Users\merte\Documents\FemmeERP_Cosmo\Presentation\ViewModels\ItemEditViewModel.cs(193,46): error CS0103: 'GenerateBarcodeAsync' ad─▒ ge├ğerli ba─şlamda yok [C:\Users\merte\Documents\FemmeERP_Cosmo\Presentation\Presentation_xvaia4w5_wpftmp.csproj]
C:\Users\merte\Documents\FemmeERP_Cosmo\Presentation\ViewModels\ItemEditViewModel.cs(254,9): error CS0103: 'LoadWarehouseStockAsync' ad─▒ ge├ğerli ba─şlamda yok [C:\Users\merte\Documents\FemmeERP_Cosmo\Presentation\Presentation_xvaia4w5_wpftmp.csproj]
C:\Users\merte\Documents\FemmeERP_Cosmo\Presentation\ViewModels\ItemEditViewModel.cs(257,9): error CS0103: 'LoadPricesAsync' ad─▒ ge├ğerli ba─şlamda yok [C:\Users\merte\Documents\FemmeERP_Cosmo\Presentation\Presentation_xvaia4w5_wpftmp.csproj]
C:\Users\merte\Documents\FemmeERP_Cosmo\Presentation\ViewModels\ItemEditViewModel.cs(272,10): error CS0103: 'EnsureSkuIsUniqueAsync' ad─▒ ge├ğerli ba─şlamda yok [C:\Users\merte\Documents\FemmeERP_Cosmo\Presentation\Presentation_xvaia4w5_wpftmp.csproj]
C:\Users\merte\Documents\FemmeERP_Cosmo\Presentation\ViewModels\ItemEditViewModel.cs(303,29): error CS0103: 'ResolveBarcodeAsync' ad─▒ ge├ğerli ba─şlamda yok [C:\Users\merte\Documents\FemmeERP_Cosmo\Presentation\Presentation_xvaia4w5_wpftmp.csproj]
C:\Users\merte\Documents\FemmeERP_Cosmo\Presentation\ViewModels\DocumentsViewModel.cs(31,27): warning CS0169: 'DocumentsViewModel._newPurchaseInvCmd' alan─▒ hi├ğbir zaman kullan─▒lmaz [C:\Users\merte\Documents\FemmeERP_Cosmo\Presentation\Presentation_xvaia4w5_wpftmp.csproj]
C:\Users\merte\Documents\FemmeERP_Cosmo\Presentation\Views\DocumentEditDialog.xaml.cs(20,18): warning CS0169: 'DocumentEditDialog._isClosing' alan─▒ hi├ğbir zaman kullan─▒lmaz [C:\Users\merte\Documents\FemmeERP_Cosmo\Presentation\Presentation_xvaia4w5_wpftmp.csproj]

Olu┼şturma BA┼ŞARISIZ OLDU.

C:\Users\merte\Documents\FemmeERP_Cosmo\Presentation\ShellViewModel.cs(90,78): warning CS8625: Null sabit de─şer, bo┼ş de─şer atanamayan ba┼şvuru t├╝r├╝ne d├Ân├╝┼şt├╝r├╝lemiyor. [C:\Users\merte\Documents\FemmeERP_Cosmo\Presentation\Presentation_xvaia4w5_wpftmp.csproj]
C:\Users\merte\Documents\FemmeERP_Cosmo\Presentation\ViewModels\DocumentEditViewModel.cs(237,12): warning CS8618: Null atanamaz ├Âzellik 'AddBarcodeCmd', olu┼şturucudan ├ğ─▒k─▒┼ş yaparken null olmayan bir de─şer i├ğermelidir. 'Gerekli' de─şi┼ştiricisini ekleyin veya ├Âzellik de─şerini null atanabilir olarak bildirmeyi g├Âz ├Ân├╝nde bulundurun. [C:\Users\merte\Documents\FemmeERP_Cosmo\Presentation\Presentation_xvaia4w5_wpftmp.csproj]
C:\Users\merte\Documents\FemmeERP_Cosmo\Presentation\ViewModels\DocumentsViewModel.cs(31,27): warning CS0169: 'DocumentsViewModel._newPurchaseInvCmd' alan─▒ hi├ğbir zaman kullan─▒lmaz [C:\Users\merte\Documents\FemmeERP_Cosmo\Presentation\Presentation_xvaia4w5_wpftmp.csproj]
C:\Users\merte\Documents\FemmeERP_Cosmo\Presentation\Views\DocumentEditDialog.xaml.cs(20,18): warning CS0169: 'DocumentEditDialog._isClosing' alan─▒ hi├ğbir zaman kullan─▒lmaz [C:\Users\merte\Documents\FemmeERP_Cosmo\Presentation\Presentation_xvaia4w5_wpftmp.csproj]
C:\Users\merte\Documents\FemmeERP_Cosmo\Presentation\ViewModels\ItemEditViewModel.cs(192,52): error CS0103: 'CanSave' ad─▒ ge├ğerli ba─şlamda yok [C:\Users\merte\Documents\FemmeERP_Cosmo\Presentation\Presentation_xvaia4w5_wpftmp.csproj]
C:\Users\merte\Documents\FemmeERP_Cosmo\Presentation\ViewModels\ItemEditViewModel.cs(193,46): error CS0103: 'GenerateBarcodeAsync' ad─▒ ge├ğerli ba─şlamda yok [C:\Users\merte\Documents\FemmeERP_Cosmo\Presentation\Presentation_xvaia4w5_wpftmp.csproj]
C:\Users\merte\Documents\FemmeERP_Cosmo\Presentation\ViewModels\ItemEditViewModel.cs(254,9): error CS0103: 'LoadWarehouseStockAsync' ad─▒ ge├ğerli ba─şlamda yok [C:\Users\merte\Documents\FemmeERP_Cosmo\Presentation\Presentation_xvaia4w5_wpftmp.csproj]
C:\Users\merte\Documents\FemmeERP_Cosmo\Presentation\ViewModels\ItemEditViewModel.cs(257,9): error CS0103: 'LoadPricesAsync' ad─▒ ge├ğerli ba─şlamda yok [C:\Users\merte\Documents\FemmeERP_Cosmo\Presentation\Presentation_xvaia4w5_wpftmp.csproj]
C:\Users\merte\Documents\FemmeERP_Cosmo\Presentation\ViewModels\ItemEditViewModel.cs(272,10): error CS0103: 'EnsureSkuIsUniqueAsync' ad─▒ ge├ğerli ba─şlamda yok [C:\Users\merte\Documents\FemmeERP_Cosmo\Presentation\Presentation_xvaia4w5_wpftmp.csproj]
C:\Users\merte\Documents\FemmeERP_Cosmo\Presentation\ViewModels\ItemEditViewModel.cs(303,29): error CS0103: 'ResolveBarcodeAsync' ad─▒ ge├ğerli ba─şlamda yok [C:\Users\merte\Documents\FemmeERP_Cosmo\Presentation\Presentation_xvaia4w5_wpftmp.csproj]
    4 Uyar─▒
    6 Hata

Ge├ğen S├╝re 00:00:07.12
