  Geri y├╝klenecek projeler belirleniyor...
  Geri y├╝kleme i├ğin t├╝m projeler g├╝ncel.
  Domain -> C:\Users\merte\Documents\FemmeERP_Cosmo\Domain\bin\Debug\net8.0\Domain.dll
  Persistence -> C:\Users\merte\Documents\FemmeERP_Cosmo\Persistence\bin\Debug\net8.0\Persistence.dll
  Application -> C:\Users\merte\Documents\FemmeERP_Cosmo\Application\bin\Debug\net8.0\Application.dll
  Infrastructure -> C:\Users\merte\Documents\FemmeERP_Cosmo\Infrastructure\bin\Debug\net8.0\Infrastructure.dll
C:\Users\merte\Documents\FemmeERP_Cosmo\Presentation\ViewModels\StocksViewModel.cs(101,70): error CS0103: 'ShowMovementsAsync' ad─▒ ge├ğerli ba─şlamda yok [C:\Users\merte\Documents\FemmeERP_Cosmo\Presentation\Presentation_nw4cgfl5_wpftmp.csproj]
C:\Users\merte\Documents\FemmeERP_Cosmo\Presentation\ViewModels\DocumentEditViewModel.cs(261,12): warning CS8618: Null atanamaz ├Âzellik 'AddBarcodeCmd', olu┼şturucudan ├ğ─▒k─▒┼ş yaparken null olmayan bir de─şer i├ğermelidir. 'Gerekli' de─şi┼ştiricisini ekleyin veya ├Âzellik de─şerini null atanabilir olarak bildirmeyi g├Âz ├Ân├╝nde bulundurun. [C:\Users\merte\Documents\FemmeERP_Cosmo\Presentation\Presentation_nw4cgfl5_wpftmp.csproj]
C:\Users\merte\Documents\FemmeERP_Cosmo\Presentation\ViewModels\DocumentsViewModel.cs(31,27): warning CS0169: 'DocumentsViewModel._newPurchaseInvCmd' alan─▒ hi├ğbir zaman kullan─▒lmaz [C:\Users\merte\Documents\FemmeERP_Cosmo\Presentation\Presentation_nw4cgfl5_wpftmp.csproj]
C:\Users\merte\Documents\FemmeERP_Cosmo\Presentation\Views\DocumentEditDialog.xaml.cs(20,18): warning CS0169: 'DocumentEditDialog._isClosing' alan─▒ hi├ğbir zaman kullan─▒lmaz [C:\Users\merte\Documents\FemmeERP_Cosmo\Presentation\Presentation_nw4cgfl5_wpftmp.csproj]

Olu┼şturma BA┼ŞARISIZ OLDU.

C:\Users\merte\Documents\FemmeERP_Cosmo\Presentation\ViewModels\DocumentEditViewModel.cs(261,12): warning CS8618: Null atanamaz ├Âzellik 'AddBarcodeCmd', olu┼şturucudan ├ğ─▒k─▒┼ş yaparken null olmayan bir de─şer i├ğermelidir. 'Gerekli' de─şi┼ştiricisini ekleyin veya ├Âzellik de─şerini null atanabilir olarak bildirmeyi g├Âz ├Ân├╝nde bulundurun. [C:\Users\merte\Documents\FemmeERP_Cosmo\Presentation\Presentation_nw4cgfl5_wpftmp.csproj]
C:\Users\merte\Documents\FemmeERP_Cosmo\Presentation\ViewModels\DocumentsViewModel.cs(31,27): warning CS0169: 'DocumentsViewModel._newPurchaseInvCmd' alan─▒ hi├ğbir zaman kullan─▒lmaz [C:\Users\merte\Documents\FemmeERP_Cosmo\Presentation\Presentation_nw4cgfl5_wpftmp.csproj]
C:\Users\merte\Documents\FemmeERP_Cosmo\Presentation\Views\DocumentEditDialog.xaml.cs(20,18): warning CS0169: 'DocumentEditDialog._isClosing' alan─▒ hi├ğbir zaman kullan─▒lmaz [C:\Users\merte\Documents\FemmeERP_Cosmo\Presentation\Presentation_nw4cgfl5_wpftmp.csproj]
C:\Users\merte\Documents\FemmeERP_Cosmo\Presentation\ViewModels\StocksViewModel.cs(101,70): error CS0103: 'ShowMovementsAsync' ad─▒ ge├ğerli ba─şlamda yok [C:\Users\merte\Documents\FemmeERP_Cosmo\Presentation\Presentation_nw4cgfl5_wpftmp.csproj]
    3 Uyar─▒
    1 Hata

Ge├ğen S├╝re 00:00:34.43
